ImplicitClassRecovery.java:7:33: compiler.err.expected: ';'
1 error
